// Vitest Snapshot v1, https://vitest.dev/guide/snapshot.html

exports[`preload index > api object shape > has all expected method keys 1`] = `
[
  "appClean",
  "appScan",
  "applyStartup",
  "applyTray",
  "backupConfigGet",
  "backupConfigSet",
  "backupList",
  "backupNow",
  "backupRestore",
  "backupStorage",
  "benchmarkCancel",
  "benchmarkRun",
  "browserClean",
  "browserScan",
  "cancelScan",
  "cleanerOpenLocation",
  "clearTimeline",
  "complianceApply",
  "complianceRevert",
  "complianceScan",
  "contextMenuApply",
  "contextMenuScan",
  "contextMenuScanCancel",
  "createRestorePoint",
  "customRulesAdd",
  "customRulesList",
  "customRulesRemove",
  "databaseClean",
  "databaseScan",
  "debloaterRemove",
  "debloaterScan",
  "diskAnalyze",
  "diskDrives",
  "diskFileTypes",
  "diskRepairChkdsk",
  "diskRepairDism",
  "diskRepairSfc",
  "diskTrimList",
  "diskTrimRun",
  "driverAgentApprove",
  "driverAgentEvaluate",
  "driverClean",
  "driverScan",
  "driverUpdateInstall",
  "driverUpdateScan",
  "duplicatesCancel",
  "duplicatesDelete",
  "duplicatesOpenLocation",
  "duplicatesScan",
  "duplicatesSelectDir",
  "elevationCheck",
  "elevationRelaunch",
  "emptyFoldersCancel",
  "emptyFoldersDelete",
  "emptyFoldersOpenLocation",
  "emptyFoldersScan",
  "emptyFoldersSelectDir",
  "enableSystemProtection",
  "environmentClean",
  "environmentScan",
  "exploitScan",
  "exportReport",
  "firewallApply",
  "firewallScan",
  "gameModeActivate",
  "gameModeDeactivate",
  "gameModeRunAudit",
  "gameModeStatus",
  "gamingClean",
  "gamingScan",
  "getScanProfiles",
  "getTimeline",
  "getTimelineStats",
  "historyAdd",
  "historyClear",
  "historyGet",
  "hostsFlushDns",
  "hostsRead",
  "hostsWrite",
  "intelCheckDomain",
  "intelCheckHash",
  "intelCheckIp",
  "intelClear",
  "intelFeeds",
  "intelStats",
  "intelToggleFeed",
  "largeFilesCancel",
  "largeFilesDelete",
  "largeFilesOpenLocation",
  "largeFilesScan",
  "largeFilesSelectDir",
  "licenseActivate",
  "licenseGetHwid",
  "licenseStatus",
  "logsClear",
  "logsConfigGet",
  "logsConfigSet",
  "logsExport",
  "logsList",
  "malwareAllowlistList",
  "malwareAllowlistRemove",
  "malwareCancelScan",
  "malwareDelete",
  "malwareIgnore",
  "malwareQuarantine",
  "malwareQuarantineList",
  "malwareRestore",
  "malwareScan",
  "malwareYaraInfo",
  "malwareYaraUpdate",
  "memoryInfo",
  "memoryOptimize",
  "memoryScan",
  "networkClean",
  "networkScan",
  "notifyScheduledScanComplete",
  "onBenchmarkProgress",
  "onComplianceProgress",
  "onContextMenuApplyProgress",
  "onDebloaterRemoveProgress",
  "onDiskRepairProgress",
  "onDiskTrimProgress",
  "onDriverProgress",
  "onDriverUpdateProgress",
  "onDuplicatesProgress",
  "onEmptyFoldersProgress",
  "onFirewallProgress",
  "onGameModeAutoEvent",
  "onGameModeProgress",
  "onHistoryChanged",
  "onLargeFilesProgress",
  "onMalwareProgress",
  "onMemoryProgress",
  "onPerfProcessList",
  "onPerfSnapshot",
  "onPrivacyProgress",
  "onRegistryFixProgress",
  "onScanProgress",
  "onScheduleRunTrigger",
  "onServiceProgress",
  "onShredderProgress",
  "onSoftwareUpdateProgress",
  "onUninstallerProgress",
  "onUpdaterStatus",
  "onVulnerabilityProgress",
  "onWindowsTweaksApplyProgress",
  "onWindowsTweaksRevertProgress",
  "onYaraCompileProgress",
  "onboardingGet",
  "onboardingSet",
  "perfGetDiskHealth",
  "perfGetSystemInfo",
  "perfKillProcess",
  "perfQuickStats",
  "perfStartMonitoring",
  "perfStopMonitoring",
  "platformInfo",
  "powerPlansActivate",
  "powerPlansCreate",
  "powerPlansDelete",
  "powerPlansList",
  "privacyApply",
  "privacyRevert",
  "privacyScan",
  "programSafetyFetch",
  "recycleBinClean",
  "recycleBinScan",
  "registryFix",
  "registryFixCancel",
  "registryScan",
  "registryScanCancel",
  "registrySetTweakIgnored",
  "restorePointDelete",
  "restorePointList",
  "restorePointRestore",
  "sandboxAnalyze",
  "scheduleNextScan",
  "scheduleRunComplete",
  "serviceApply",
  "serviceScan",
  "settingsGet",
  "settingsOpenBackupDir",
  "settingsSelectBackupDir",
  "settingsSet",
  "shortcutClean",
  "shortcutScan",
  "shredderCancel",
  "shredderOpenLocation",
  "shredderSelectFiles",
  "shredderSelectFolders",
  "shredderShred",
  "softwareUpdateCheck",
  "softwareUpdateRun",
  "startupBootTrace",
  "startupDelete",
  "startupList",
  "startupSafetyFetch",
  "startupToggle",
  "systemClean",
  "systemScan",
  "uninstallLeftoversClean",
  "uninstallLeftoversScan",
  "uninstallerForceRemove",
  "uninstallerList",
  "uninstallerUninstall",
  "updaterCheck",
  "updaterDownload",
  "updaterGetStatus",
  "updaterInstall",
  "vulnerabilityApply",
  "vulnerabilityRevert",
  "vulnerabilityScan",
  "watcherStart",
  "watcherStatus",
  "watcherStop",
  "winSxSClean",
  "winSxSScan",
  "windowClose",
  "windowMaximize",
  "windowMinimize",
  "windowsTweaksApply",
  "windowsTweaksGetDnsPresets",
  "windowsTweaksList",
  "windowsTweaksNetshTcp",
  "windowsTweaksRevert",
  "windowsTweaksSetDns",
  "windowsTweaksStatus",
]
`;
